// Vitest Snapshot v1, https://vitest.dev/guide/snapshot.html

exports[`Search > should map the model 1`] = `
[
  {
    "center": {
      "x": -431.8910662922816,
      "y": 22.71598460951293,
    },
    "id": "path186",
    "label": "#Symbole-bity-sygnały",
    "normalizedLabel": "symbole-bity-sygnały",
  },
  {
    "center": {
      "x": -175.98698476092548,
      "y": 40.46505714629674,
    },
    "id": "path187",
    "label": "#Społeczeństwo",
    "normalizedLabel": "społeczenstwo",
  },
  {
    "center": {
      "x": -390.95909444203926,
      "y": 132.81968177008088,
    },
    "id": "path1",
    "label": "#Komputery i komunikacja",
    "normalizedLabel": "komputery i komunikacja",
  },
  {
    "center": {
      "x": 220.04397547889005,
      "y": 84.34425781473227,
    },
    "id": "path2",
    "label": "#Bakterie i choroby zakaźne",
    "normalizedLabel": "bakterie i choroby zakazne",
  },
  {
    "center": {
      "x": -319.7775159,
      "y": -214.0745055,
    },
    "id": "rect31",
    "label": "Urządzenia mechaniczne",
    "normalizedLabel": "urzadzenia mechaniczne",
  },
  {
    "center": {
      "x": -297.8461759,
      "y": -230.9224255,
    },
    "id": "rect27",
    "label": "Robotyka",
    "normalizedLabel": "robotyka",
  },
  {
    "center": {
      "x": -141.0597459,
      "y": -293.0270355,
    },
    "id": "rect32",
    "label": "Asfalt",
    "normalizedLabel": "asfalt",
  },
]
`;
