// Vitest Snapshot v1, https://vitest.dev/guide/snapshot.html

exports[`mapModel > should map and flatten the model 1`] = `
[
  {
    "boundingBox": {
      "center": {
        "x": -431.8910662922816,
        "y": 22.71598460951293,
      },
      "max": {
        "x": -322.8051709687215,
        "y": 258.8283511316347,
      },
      "min": {
        "x": -540.9769616158417,
        "y": -213.39638191260883,
      },
    },
    "id": "path186",
    "label": "Symbole-bity-sygnały",
    "normalizedLabel": "symbole-bity-sygnaly",
  },
  {
    "boundingBox": {
      "center": {
        "x": -175.98698476092548,
        "y": 40.46505714629674,
      },
      "max": {
        "x": -4.789039521850984,
        "y": 265.2055539220782,
      },
      "min": {
        "x": -347.18492999999995,
        "y": -184.2754396294847,
      },
    },
    "id": "path187",
    "label": "Społeczeństwo",
    "normalizedLabel": "spoleczenstwo",
  },
  {
    "boundingBox": {
      "center": {
        "x": -390.95909444203926,
        "y": 132.81968177008088,
      },
      "max": {
        "x": -318.7710632026188,
        "y": 247.13325685152185,
      },
      "min": {
        "x": -463.14712568145967,
        "y": 18.506106688639907,
      },
    },
    "id": "path1",
    "label": "Komputery i komunikacja",
    "normalizedLabel": "komputery i komunikacja",
  },
  {
    "boundingBox": {
      "center": {
        "x": 220.04397547889005,
        "y": 84.34425781473227,
      },
      "max": {
        "x": 288.4188627868724,
        "y": 220.4664682145745,
      },
      "min": {
        "x": 151.66908817090766,
        "y": -51.77795258510995,
      },
    },
    "id": "path2",
    "label": "Bakterie i choroby zakaźne",
    "normalizedLabel": "bakterie i choroby zakazne",
  },
  {
    "boundingBox": {
      "center": {
        "x": -319.7775159,
        "y": -214.0745055,
      },
      "max": {
        "x": -316.76377180000003,
        "y": -210.98814099999998,
      },
      "min": {
        "x": -322.79126,
        "y": -217.16087,
      },
    },
    "id": "rect31",
    "label": "Urządzenia mechaniczne",
    "normalizedLabel": "urzadzenia mechaniczne",
  },
  {
    "boundingBox": {
      "center": {
        "x": -297.8461759,
        "y": -230.9224255,
      },
      "max": {
        "x": -294.8324318,
        "y": -227.836061,
      },
      "min": {
        "x": -300.85992,
        "y": -234.00879,
      },
    },
    "id": "rect27",
    "label": "Robotyka",
    "normalizedLabel": "robotyka",
  },
  {
    "boundingBox": {
      "center": {
        "x": -141.0597459,
        "y": -293.0270355,
      },
      "max": {
        "x": -138.0460018,
        "y": -289.940671,
      },
      "min": {
        "x": -144.07349,
        "y": -296.1134,
      },
    },
    "id": "rect32",
    "label": "Asfalt",
    "normalizedLabel": "asfalt",
  },
]
`;
